```bash
[    0.000000] Linux version 6.1.0-deb12-amd64
[    0.000124] BIOS-e820: [mem 0x0000000000000000-0x000000000009fbff] usable
[    0.450912] input: Ghost Mode Keyboard as /devices/virtual/input/input0
[    0.892134] usb 1-1: New USB device found, idVendor=0x77, idProduct=0x30
[    1.120455] systemd[1]: Mounting /mnt/blue_team_field_notes...
[    1.450982] systemd[1]: Starting Detection Engine Service...
[    1.890122] [ OK ] Started SIGMA Rule Parser.
[    2.100451] [ OK ] Established connectivity to The Sprawl.
[    2.340912] [ WARN ] Intrusion detection active. Stay sharp.
```

---

## ACCESSING NODE: 0x77:0x30  
**IDENTITY:** Security Analyst / Detection Engineer (em formação)  
**STATUS:** GHOST_MODE  

> Stay defensive. Stay sharp.

---

> "The sky above the port was the color of television, tuned to a dead channel."

---

## 🧠 Terminal Output: `/dev/brain`

Operando na fronteira entre SIEM e IA.  
Foco em telemetria resiliente, infraestrutura hardened e engenharia de detecção baseada em SIGMA.

---

## 🛠️ The Deck

- **OS:** Debian (Minimalist Linux / Daily Use)

- **Tools:**
  Splunk · Wireshark · Nmap · Claroty · Nozomi

- **Detection Engineering (Foundational):**
  - Studying SIGMA rule creation and detection patterns
  - Mapping adversary behavior using MITRE ATT&CK
  - Exploring OSSEM data models for log normalization
  - Understanding defensive strategies through D3FEND

- **Focus:**
  SOC Analyst | Blue Team | OT/ICS & IT Defense

---

## 🌐 Connectivity

- **Web:** [https://xdrtwo.github.io/whoami/](https://w0m73.github.io/whoami/)

---

```bash
[ DISCONNECTING... ]
EOF

[ MONITOR_STREAM ]
SCANNING...
```
