[    0.000000] Linux version 6.1.0-deb12-amd64
[    0.000124] BIOS-e820: [mem 0x0000000000000000-0x000000000009fbff] usable
[    0.450912] input: Ghost Mode Keyboard as /devices/virtual/input/input0
[    0.892134] usb 1-1: New USB device found, idVendor=0x77, idProduct=0x30
[    1.120455] systemd[1]: Mounting /mnt/blue_team_field_notes...
[    1.450982] systemd[1]: Starting Detection Engine Service...
[    1.890122] [ OK ] Started SIGMA Rule Parser.
[    2.100451] [ OK ] Established connectivity to The Sprawl.
[    2.340912] [ WARN ] Intrusion detection active. Stay sharp.


# [ ACCESSING NODE: 0x770x30 ]
# IDENTITY: SECURITY ANALYST / DETECTION ENGINEER (Em formação)
# STATUS: GHOST_MODE
# > Stay defensive. Stay sharp.

---

> "The sky above the port was the color of television, tuned to a dead channel."

## 💻 Terminal_Output: /dev/brain
Operando na fronteira entre SIEM e IA. Focado em telemetria resiliente, infraestrutura hardened e lógica de detecção SIGMA.

### 🛠️ The_Deck
- **OS:** Debian Advanced User / Minimalist Linux
- **Tools:** Splunk, Wireshark, Claroty, xDome, Nozomi, Nmap
- **Logic:** SIGMA v2, OSSEM, MITRE ATT&CK / D3FEND

### 📡 Connectivity
- **Web:** [w0m73.github.io/whoami/](https://w0m73.github.io/whoami/)
- **Focus:** SOC Analyst | OT/ICS & IT Defense

---
# [ DISCONNECTING... ]
# EOF

# [ MONITOR_STREAM ]
# SCANNING...
